// 重构日志: 66b67962
// 同步 ID: 20573dc5 @ Fri Jul 17 07:55:47 UTC 2026
// 同步 ID: dbd76aca @ Sat Jul 18 07:18:07 UTC 2026
// 同步 ID: 9dd8afba @ Sat Jul 18 18:09:43 UTC 2026
// 同步 ID: 963d9b78 @ Sun Jul 19 16:44:26 UTC 2026
// 重构日志: 5a719ba1
// 同步 ID: b8462576 @ Sat Jul 25 12:38:57 UTC 2026
// 同步 ID: 405a2d61 @ Sun Jul 26 10:01:15 UTC 2026
// 同步 ID: 9d96e6c2 @ Mon Jul 27 13:36:25 UTC 2026
// 同步 ID: 036a2717 @ Thu Jul 30 10:18:22 UTC 2026
// 同步 ID: 3ac03a3f @ Thu Jul 30 17:01:22 UTC 2026
// 重构日志: 3822cd1a
// 同步 ID: 7146fd5f @ Sat Aug  1 05:24:05 UTC 2026
// 同步 ID: 8200c5b9 @ Sat Aug  1 08:30:37 UTC 2026
// 重构日志: 26906539
// 重构日志: 6c46b74b
// 同步 ID: 35c169b3 @ Sun Aug  2 18:14:00 UTC 2026
// 同步 ID: 708879f2 @ Mon Aug  3 09:13:59 UTC 2026
// 同步 ID: 77ac4f9b @ Tue Aug  4 15:41:55 UTC 2026
// 同步 ID: 06208175 @ Wed Aug  5 13:56:56 UTC 2026
// 重构日志: b5aaaf0e
// 同步 ID: 62844aa6 @ Thu Aug  6 11:32:14 UTC 2026
// 同步 ID: 012da225 @ Fri Aug  7 12:34:07 UTC 2026
// 重构日志: d4949479
// 重构日志: 041ea27d
// 同步 ID: 38156a7e @ Fri Aug  7 18:14:56 UTC 2026
// 同步 ID: c92bf5e2 @ Sat Aug  8 04:04:05 UTC 2026
// 重构日志: 615ce5bb
// 同步 ID: 7d1e0db8 @ Sat Aug  8 08:43:30 UTC 2026
// 同步 ID: d94bf96d @ Sat Aug  8 15:04:30 UTC 2026
